This is a test report. This will be deleted later.
